[2023-06-22T14:09:04.395+0000][0.017s] Using G1
[2023-06-22T14:09:05.192+0000][0.814s] Version: 17.0.7+7 (release)
[2023-06-22T14:09:05.192+0000][0.814s] CPUs: 2 total, 2 available
[2023-06-22T14:09:05.192+0000][0.814s] Memory: 1975M
[2023-06-22T14:09:05.192+0000][0.814s] Large Page Support: Disabled
[2023-06-22T14:09:05.192+0000][0.814s] NUMA Support: Disabled
[2023-06-22T14:09:05.192+0000][0.814s] Compressed Oops: Enabled (32-bit)
[2023-06-22T14:09:05.192+0000][0.814s] Heap Region Size: 1M
[2023-06-22T14:09:05.192+0000][0.814s] Heap Min Capacity: 512M
[2023-06-22T14:09:05.192+0000][0.814s] Heap Initial Capacity: 512M
[2023-06-22T14:09:05.192+0000][0.814s] Heap Max Capacity: 512M
[2023-06-22T14:09:05.192+0000][0.814s] Pre-touch: Enabled
[2023-06-22T14:09:05.192+0000][0.814s] Parallel Workers: 2
[2023-06-22T14:09:05.192+0000][0.814s] Concurrent Workers: 1
[2023-06-22T14:09:05.192+0000][0.814s] Concurrent Refinement Workers: 2
[2023-06-22T14:09:05.192+0000][0.814s] Periodic GC: Disabled
[2023-06-22T14:09:05.192+0000][0.814s] CDS archive(s) mapped at: [0x0000000800000000-0x0000000800a7b000-0x0000000800a7b000), size 10989568, SharedBaseAddress: 0x0000000800000000, ArchiveRelocationMode: 0.
[2023-06-22T14:09:05.192+0000][0.814s] Compressed class space mapped at: 0x0000000801000000-0x0000000841000000, reserved size: 1073741824
[2023-06-22T14:09:05.192+0000][0.814s] Narrow klass base: 0x0000000800000000, Narrow klass shift: 0, Narrow klass range: 0x100000000
[2023-06-22T14:09:08.218+0000][3.840s] GC(0) Pause Young (Normal) (G1 Evacuation Pause)
[2023-06-22T14:09:08.218+0000][3.840s] GC(0) Using 2 workers of 2 for evacuation
[2023-06-22T14:09:08.226+0000][3.848s] GC(0)   Pre Evacuate Collection Set: 0.1ms
[2023-06-22T14:09:08.226+0000][3.848s] GC(0)   Merge Heap Roots: 0.1ms
[2023-06-22T14:09:08.226+0000][3.848s] GC(0)   Evacuate Collection Set: 5.4ms
[2023-06-22T14:09:08.226+0000][3.848s] GC(0)   Post Evacuate Collection Set: 1.9ms
[2023-06-22T14:09:08.226+0000][3.848s] GC(0)   Other: 0.9ms
[2023-06-22T14:09:08.226+0000][3.848s] GC(0) Eden regions: 25->0(21)
[2023-06-22T14:09:08.226+0000][3.848s] GC(0) Survivor regions: 0->4(4)
[2023-06-22T14:09:08.226+0000][3.848s] GC(0) Old regions: 0->0
[2023-06-22T14:09:08.226+0000][3.848s] GC(0) Archive regions: 2->2
[2023-06-22T14:09:08.226+0000][3.848s] GC(0) Humongous regions: 0->0
[2023-06-22T14:09:08.226+0000][3.848s] GC(0) Metaspace: 9090K(9280K)->9090K(9280K) NonClass: 7978K(8064K)->7978K(8064K) Class: 1112K(1216K)->1112K(1216K)
[2023-06-22T14:09:08.226+0000][3.848s] GC(0) Pause Young (Normal) (G1 Evacuation Pause) 25M->4M(512M) 7.847ms
[2023-06-22T14:09:08.226+0000][3.848s] GC(0) User=0.01s Sys=0.00s Real=0.00s
[2023-06-22T14:09:09.290+0000][4.912s] GC(1) Pause Young (Normal) (G1 Evacuation Pause)
[2023-06-22T14:09:09.290+0000][4.912s] GC(1) Using 2 workers of 2 for evacuation
[2023-06-22T14:09:09.324+0000][4.946s] GC(1)   Pre Evacuate Collection Set: 0.2ms
[2023-06-22T14:09:09.324+0000][4.946s] GC(1)   Merge Heap Roots: 0.1ms
[2023-06-22T14:09:09.324+0000][4.946s] GC(1)   Evacuate Collection Set: 32.3ms
[2023-06-22T14:09:09.324+0000][4.946s] GC(1)   Post Evacuate Collection Set: 1.0ms
[2023-06-22T14:09:09.324+0000][4.946s] GC(1)   Other: 0.2ms
[2023-06-22T14:09:09.324+0000][4.946s] GC(1) Eden regions: 21->0(21)
[2023-06-22T14:09:09.324+0000][4.946s] GC(1) Survivor regions: 4->4(4)
[2023-06-22T14:09:09.324+0000][4.946s] GC(1) Old regions: 0->9
[2023-06-22T14:09:09.324+0000][4.946s] GC(1) Archive regions: 2->2
[2023-06-22T14:09:09.324+0000][4.946s] GC(1) Humongous regions: 4->4
[2023-06-22T14:09:09.324+0000][4.946s] GC(1) Metaspace: 14823K(15104K)->14823K(15104K) NonClass: 13004K(13120K)->13004K(13120K) Class: 1819K(1984K)->1819K(1984K)
[2023-06-22T14:09:09.324+0000][4.946s] GC(1) Pause Young (Normal) (G1 Evacuation Pause) 29M->17M(512M) 33.855ms
[2023-06-22T14:09:09.324+0000][4.946s] GC(1) User=0.04s Sys=0.00s Real=0.03s
[2023-06-22T14:09:10.218+0000][5.840s] GC(2) Pause Young (Normal) (G1 Evacuation Pause)
[2023-06-22T14:09:10.218+0000][5.840s] GC(2) Using 2 workers of 2 for evacuation
[2023-06-22T14:09:10.228+0000][5.850s] GC(2)   Pre Evacuate Collection Set: 0.4ms
[2023-06-22T14:09:10.228+0000][5.850s] GC(2)   Merge Heap Roots: 0.1ms
[2023-06-22T14:09:10.228+0000][5.850s] GC(2)   Evacuate Collection Set: 8.4ms
[2023-06-22T14:09:10.228+0000][5.850s] GC(2)   Post Evacuate Collection Set: 0.7ms
[2023-06-22T14:09:10.228+0000][5.850s] GC(2)   Other: 0.2ms
[2023-06-22T14:09:10.228+0000][5.850s] GC(2) Eden regions: 21->0(32)
[2023-06-22T14:09:10.228+0000][5.850s] GC(2) Survivor regions: 4->2(4)
[2023-06-22T14:09:10.228+0000][5.850s] GC(2) Old regions: 9->13
[2023-06-22T14:09:10.228+0000][5.850s] GC(2) Archive regions: 2->2
[2023-06-22T14:09:10.228+0000][5.850s] GC(2) Humongous regions: 4->4
[2023-06-22T14:09:10.228+0000][5.850s] GC(2) Metaspace: 17649K(17920K)->17649K(17920K) NonClass: 15488K(15616K)->15488K(15616K) Class: 2161K(2304K)->2161K(2304K)
[2023-06-22T14:09:10.228+0000][5.850s] GC(2) Pause Young (Normal) (G1 Evacuation Pause) 38M->19M(512M) 9.951ms
[2023-06-22T14:09:10.228+0000][5.850s] GC(2) User=0.02s Sys=0.00s Real=0.01s
[2023-06-22T14:09:11.209+0000][6.831s] GC(3) Pause Young (Normal) (G1 Evacuation Pause)
[2023-06-22T14:09:11.209+0000][6.831s] GC(3) Using 2 workers of 2 for evacuation
[2023-06-22T14:09:11.215+0000][6.837s] GC(3)   Pre Evacuate Collection Set: 0.1ms
[2023-06-22T14:09:11.217+0000][6.840s] GC(3)   Merge Heap Roots: 0.1ms
[2023-06-22T14:09:11.217+0000][6.840s] GC(3)   Evacuate Collection Set: 5.2ms
[2023-06-22T14:09:11.217+0000][6.840s] GC(3)   Post Evacuate Collection Set: 0.9ms
[2023-06-22T14:09:11.217+0000][6.840s] GC(3)   Other: 0.2ms
[2023-06-22T14:09:11.217+0000][6.840s] GC(3) Eden regions: 32->0(46)
[2023-06-22T14:09:11.217+0000][6.840s] GC(3) Survivor regions: 2->5(5)
[2023-06-22T14:09:11.217+0000][6.840s] GC(3) Old regions: 13->13
[2023-06-22T14:09:11.217+0000][6.840s] GC(3) Archive regions: 2->2
[2023-06-22T14:09:11.217+0000][6.840s] GC(3) Humongous regions: 4->4
[2023-06-22T14:09:11.217+0000][6.840s] GC(3) Metaspace: 17915K(18176K)->17915K(18176K) NonClass: 15734K(15872K)->15734K(15872K) Class: 2180K(2304K)->2180K(2304K)
[2023-06-22T14:09:11.218+0000][6.840s] GC(3) Pause Young (Normal) (G1 Evacuation Pause) 51M->22M(512M) 8.931ms
[2023-06-22T14:09:11.218+0000][6.840s] GC(3) User=0.01s Sys=0.00s Real=0.01s
[2023-06-22T14:09:11.933+0000][7.555s] GC(4) Pause Young (Concurrent Start) (Metadata GC Threshold)
[2023-06-22T14:09:11.933+0000][7.555s] GC(4) Using 2 workers of 2 for evacuation
[2023-06-22T14:09:11.939+0000][7.561s] GC(4)   Pre Evacuate Collection Set: 0.1ms
[2023-06-22T14:09:11.939+0000][7.561s] GC(4)   Merge Heap Roots: 0.1ms
[2023-06-22T14:09:11.939+0000][7.561s] GC(4)   Evacuate Collection Set: 4.9ms
[2023-06-22T14:09:11.939+0000][7.561s] GC(4)   Post Evacuate Collection Set: 0.6ms
[2023-06-22T14:09:11.939+0000][7.561s] GC(4)   Other: 0.2ms
[2023-06-22T14:09:11.939+0000][7.561s] GC(4) Eden regions: 21->0(71)
[2023-06-22T14:09:11.939+0000][7.561s] GC(4) Survivor regions: 5->6(7)
[2023-06-22T14:09:11.939+0000][7.561s] GC(4) Old regions: 13->15
[2023-06-22T14:09:11.939+0000][7.561s] GC(4) Archive regions: 2->2
[2023-06-22T14:09:11.939+0000][7.561s] GC(4) Humongous regions: 5->4
[2023-06-22T14:09:11.939+0000][7.561s] GC(4) Metaspace: 21155K(21504K)->21155K(21504K) NonClass: 18595K(18752K)->18595K(18752K) Class: 2559K(2752K)->2559K(2752K)
[2023-06-22T14:09:11.939+0000][7.561s] GC(4) Pause Young (Concurrent Start) (Metadata GC Threshold) 44M->25M(512M) 5.997ms
[2023-06-22T14:09:11.939+0000][7.561s] GC(4) User=0.01s Sys=0.00s Real=0.01s
[2023-06-22T14:09:11.939+0000][7.561s] GC(5) Concurrent Mark Cycle
[2023-06-22T14:09:11.939+0000][7.561s] GC(5) Concurrent Clear Claimed Marks
[2023-06-22T14:09:11.939+0000][7.561s] GC(5) Concurrent Clear Claimed Marks 0.025ms
[2023-06-22T14:09:11.939+0000][7.561s] GC(5) Concurrent Scan Root Regions
[2023-06-22T14:09:11.941+0000][7.563s] GC(5) Concurrent Scan Root Regions 2.241ms
[2023-06-22T14:09:11.941+0000][7.563s] GC(5) Concurrent Mark
[2023-06-22T14:09:11.941+0000][7.563s] GC(5) Concurrent Mark From Roots
[2023-06-22T14:09:11.941+0000][7.563s] GC(5) Using 1 workers of 1 for marking
[2023-06-22T14:09:11.982+0000][7.604s] GC(5) Concurrent Mark From Roots 40.679ms
[2023-06-22T14:09:11.982+0000][7.604s] GC(5) Concurrent Preclean
[2023-06-22T14:09:11.982+0000][7.604s] GC(5) Concurrent Preclean 0.089ms
[2023-06-22T14:09:11.982+0000][7.604s] GC(5) Pause Remark
[2023-06-22T14:09:11.988+0000][7.611s] GC(5) Pause Remark 26M->26M(512M) 6.155ms
[2023-06-22T14:09:11.989+0000][7.611s] GC(5) User=0.00s Sys=0.00s Real=0.01s
[2023-06-22T14:09:11.989+0000][7.611s] GC(5) Concurrent Mark 47.243ms
[2023-06-22T14:09:11.989+0000][7.611s] GC(5) Concurrent Rebuild Remembered Sets
[2023-06-22T14:09:12.010+0000][7.633s] GC(5) Concurrent Rebuild Remembered Sets 21.804ms
[2023-06-22T14:09:12.011+0000][7.633s] GC(5) Pause Cleanup
[2023-06-22T14:09:12.011+0000][7.633s] GC(5) Pause Cleanup 27M->27M(512M) 0.120ms
[2023-06-22T14:09:12.011+0000][7.633s] GC(5) User=0.00s Sys=0.00s Real=0.00s
[2023-06-22T14:09:12.011+0000][7.633s] GC(5) Concurrent Cleanup for Next Mark
[2023-06-22T14:09:12.016+0000][7.638s] GC(5) Concurrent Cleanup for Next Mark 4.674ms
[2023-06-22T14:09:12.016+0000][7.638s] GC(5) Concurrent Mark Cycle 76.599ms
[2023-06-22T14:09:14.188+0000][9.810s] GC(6) Pause Young (Normal) (G1 Evacuation Pause)
[2023-06-22T14:09:14.188+0000][9.810s] GC(6) Using 2 workers of 2 for evacuation
[2023-06-22T14:09:14.201+0000][9.823s] GC(6)   Pre Evacuate Collection Set: 0.2ms
[2023-06-22T14:09:14.201+0000][9.823s] GC(6)   Merge Heap Roots: 0.1ms
[2023-06-22T14:09:14.201+0000][9.823s] GC(6)   Evacuate Collection Set: 11.2ms
[2023-06-22T14:09:14.201+0000][9.823s] GC(6)   Post Evacuate Collection Set: 1.1ms
[2023-06-22T14:09:14.201+0000][9.823s] GC(6)   Other: 0.2ms
[2023-06-22T14:09:14.201+0000][9.823s] GC(6) Eden regions: 80->0(274)
[2023-06-22T14:09:14.201+0000][9.823s] GC(6) Survivor regions: 6->10(11)
[2023-06-22T14:09:14.201+0000][9.823s] GC(6) Old regions: 15->15
[2023-06-22T14:09:14.201+0000][9.823s] GC(6) Archive regions: 2->2
[2023-06-22T14:09:14.201+0000][9.823s] GC(6) Humongous regions: 4->4
[2023-06-22T14:09:14.201+0000][9.823s] GC(6) Metaspace: 32734K(33024K)->32734K(33024K) NonClass: 28712K(28864K)->28712K(28864K) Class: 4022K(4160K)->4022K(4160K)
[2023-06-22T14:09:14.201+0000][9.823s] GC(6) Pause Young (Normal) (G1 Evacuation Pause) 105M->29M(512M) 12.906ms
[2023-06-22T14:09:14.201+0000][9.823s] GC(6) User=0.02s Sys=0.00s Real=0.01s
[2023-06-22T14:09:14.926+0000][10.548s] GC(7) Pause Young (Concurrent Start) (Metadata GC Threshold)
[2023-06-22T14:09:14.926+0000][10.548s] GC(7) Using 2 workers of 2 for evacuation
[2023-06-22T14:09:14.938+0000][10.561s] GC(7)   Pre Evacuate Collection Set: 0.2ms
[2023-06-22T14:09:14.938+0000][10.561s] GC(7)   Merge Heap Roots: 0.1ms
[2023-06-22T14:09:14.939+0000][10.561s] GC(7)   Evacuate Collection Set: 11.2ms
[2023-06-22T14:09:14.939+0000][10.561s] GC(7)   Post Evacuate Collection Set: 0.8ms
[2023-06-22T14:09:14.939+0000][10.561s] GC(7)   Other: 0.2ms
[2023-06-22T14:09:14.939+0000][10.561s] GC(7) Eden regions: 24->0(295)
[2023-06-22T14:09:14.939+0000][10.561s] GC(7) Survivor regions: 10->12(36)
[2023-06-22T14:09:14.939+0000][10.561s] GC(7) Old regions: 15->15
[2023-06-22T14:09:14.939+0000][10.561s] GC(7) Archive regions: 2->2
[2023-06-22T14:09:14.939+0000][10.561s] GC(7) Humongous regions: 4->4
[2023-06-22T14:09:14.939+0000][10.561s] GC(7) Metaspace: 35683K(36096K)->35683K(36096K) NonClass: 31275K(31488K)->31275K(31488K) Class: 4407K(4608K)->4407K(4608K)
[2023-06-22T14:09:14.939+0000][10.561s] GC(7) Pause Young (Concurrent Start) (Metadata GC Threshold) 53M->31M(512M) 12.662ms
[2023-06-22T14:09:14.939+0000][10.561s] GC(7) User=0.01s Sys=0.00s Real=0.02s
[2023-06-22T14:09:14.939+0000][10.561s] GC(8) Concurrent Mark Cycle
[2023-06-22T14:09:14.939+0000][10.561s] GC(8) Concurrent Clear Claimed Marks
[2023-06-22T14:09:14.939+0000][10.561s] GC(8) Concurrent Clear Claimed Marks 0.030ms
[2023-06-22T14:09:14.939+0000][10.561s] GC(8) Concurrent Scan Root Regions
[2023-06-22T14:09:14.944+0000][10.566s] GC(8) Concurrent Scan Root Regions 5.357ms
[2023-06-22T14:09:14.944+0000][10.566s] GC(8) Concurrent Mark
[2023-06-22T14:09:14.944+0000][10.566s] GC(8) Concurrent Mark From Roots
[2023-06-22T14:09:14.944+0000][10.566s] GC(8) Using 1 workers of 1 for marking
[2023-06-22T14:09:15.001+0000][10.624s] GC(8) Concurrent Mark From Roots 57.252ms
[2023-06-22T14:09:15.001+0000][10.624s] GC(8) Concurrent Preclean
[2023-06-22T14:09:15.002+0000][10.624s] GC(8) Concurrent Preclean 0.089ms
[2023-06-22T14:09:15.007+0000][10.629s] GC(8) Pause Remark
[2023-06-22T14:09:15.015+0000][10.637s] GC(8) Pause Remark 34M->34M(512M) 8.337ms
[2023-06-22T14:09:15.015+0000][10.638s] GC(8) User=0.01s Sys=0.00s Real=0.01s
[2023-06-22T14:09:15.015+0000][10.638s] GC(8) Concurrent Mark 71.323ms
[2023-06-22T14:09:15.016+0000][10.638s] GC(8) Concurrent Rebuild Remembered Sets
[2023-06-22T14:09:15.035+0000][10.657s] GC(8) Concurrent Rebuild Remembered Sets 19.163ms
[2023-06-22T14:09:15.035+0000][10.657s] GC(8) Pause Cleanup
[2023-06-22T14:09:15.035+0000][10.657s] GC(8) Pause Cleanup 34M->34M(512M) 0.106ms
[2023-06-22T14:09:15.035+0000][10.657s] GC(8) User=0.00s Sys=0.00s Real=0.00s
[2023-06-22T14:09:15.035+0000][10.657s] GC(8) Concurrent Cleanup for Next Mark
[2023-06-22T14:09:15.048+0000][10.670s] GC(8) Concurrent Cleanup for Next Mark 12.647ms
[2023-06-22T14:09:15.048+0000][10.670s] GC(8) Concurrent Mark Cycle 109.052ms
