[2023-06-23T14:50:14.431+0000][0.022s] Using G1
[2023-06-23T14:50:15.271+0000][0.862s] Version: 17.0.7+7 (release)
[2023-06-23T14:50:15.271+0000][0.862s] CPUs: 2 total, 2 available
[2023-06-23T14:50:15.271+0000][0.862s] Memory: 1975M
[2023-06-23T14:50:15.271+0000][0.862s] Large Page Support: Disabled
[2023-06-23T14:50:15.271+0000][0.862s] NUMA Support: Disabled
[2023-06-23T14:50:15.271+0000][0.862s] Compressed Oops: Enabled (32-bit)
[2023-06-23T14:50:15.271+0000][0.862s] Heap Region Size: 1M
[2023-06-23T14:50:15.271+0000][0.862s] Heap Min Capacity: 512M
[2023-06-23T14:50:15.271+0000][0.862s] Heap Initial Capacity: 512M
[2023-06-23T14:50:15.271+0000][0.862s] Heap Max Capacity: 512M
[2023-06-23T14:50:15.271+0000][0.862s] Pre-touch: Enabled
[2023-06-23T14:50:15.271+0000][0.862s] Parallel Workers: 2
[2023-06-23T14:50:15.271+0000][0.862s] Concurrent Workers: 1
[2023-06-23T14:50:15.271+0000][0.862s] Concurrent Refinement Workers: 2
[2023-06-23T14:50:15.271+0000][0.862s] Periodic GC: Disabled
[2023-06-23T14:50:15.277+0000][0.868s] CDS archive(s) mapped at: [0x0000000800000000-0x0000000800a7b000-0x0000000800a7b000), size 10989568, SharedBaseAddress: 0x0000000800000000, ArchiveRelocationMode: 0.
[2023-06-23T14:50:15.277+0000][0.868s] Compressed class space mapped at: 0x0000000801000000-0x0000000841000000, reserved size: 1073741824
[2023-06-23T14:50:15.277+0000][0.868s] Narrow klass base: 0x0000000800000000, Narrow klass shift: 0, Narrow klass range: 0x100000000
[2023-06-23T14:50:20.289+0000][5.880s] GC(0) Pause Young (Normal) (G1 Evacuation Pause)
[2023-06-23T14:50:20.289+0000][5.880s] GC(0) Using 2 workers of 2 for evacuation
[2023-06-23T14:50:20.315+0000][5.906s] GC(0)   Pre Evacuate Collection Set: 1.0ms
[2023-06-23T14:50:20.315+0000][5.906s] GC(0)   Merge Heap Roots: 0.7ms
[2023-06-23T14:50:20.315+0000][5.906s] GC(0)   Evacuate Collection Set: 22.0ms
[2023-06-23T14:50:20.315+0000][5.906s] GC(0)   Post Evacuate Collection Set: 2.2ms
[2023-06-23T14:50:20.315+0000][5.906s] GC(0)   Other: 2.6ms
[2023-06-23T14:50:20.315+0000][5.906s] GC(0) Eden regions: 25->0(21)
[2023-06-23T14:50:20.315+0000][5.906s] GC(0) Survivor regions: 0->4(4)
[2023-06-23T14:50:20.315+0000][5.906s] GC(0) Old regions: 0->0
[2023-06-23T14:50:20.315+0000][5.906s] GC(0) Archive regions: 2->2
[2023-06-23T14:50:20.315+0000][5.906s] GC(0) Humongous regions: 0->0
[2023-06-23T14:50:20.315+0000][5.906s] GC(0) Metaspace: 9155K(9344K)->9155K(9344K) NonClass: 8042K(8128K)->8042K(8128K) Class: 1112K(1216K)->1112K(1216K)
[2023-06-23T14:50:20.315+0000][5.906s] GC(0) Pause Young (Normal) (G1 Evacuation Pause) 25M->4M(512M) 26.292ms
[2023-06-23T14:50:20.315+0000][5.906s] GC(0) User=0.01s Sys=0.00s Real=0.02s
[2023-06-23T14:50:22.237+0000][7.828s] GC(1) Pause Young (Normal) (G1 Evacuation Pause)
[2023-06-23T14:50:22.237+0000][7.828s] GC(1) Using 2 workers of 2 for evacuation
[2023-06-23T14:50:22.298+0000][7.889s] GC(1)   Pre Evacuate Collection Set: 0.2ms
[2023-06-23T14:50:22.298+0000][7.890s] GC(1)   Merge Heap Roots: 0.1ms
[2023-06-23T14:50:22.298+0000][7.890s] GC(1)   Evacuate Collection Set: 60.3ms
[2023-06-23T14:50:22.298+0000][7.890s] GC(1)   Post Evacuate Collection Set: 0.9ms
[2023-06-23T14:50:22.298+0000][7.890s] GC(1)   Other: 0.2ms
[2023-06-23T14:50:22.298+0000][7.890s] GC(1) Eden regions: 21->0(21)
[2023-06-23T14:50:22.298+0000][7.890s] GC(1) Survivor regions: 4->4(4)
[2023-06-23T14:50:22.298+0000][7.890s] GC(1) Old regions: 0->9
[2023-06-23T14:50:22.298+0000][7.890s] GC(1) Archive regions: 2->2
[2023-06-23T14:50:22.298+0000][7.890s] GC(1) Humongous regions: 4->4
[2023-06-23T14:50:22.298+0000][7.890s] GC(1) Metaspace: 14836K(15168K)->14836K(15168K) NonClass: 13018K(13184K)->13018K(13184K) Class: 1818K(1984K)->1818K(1984K)
[2023-06-23T14:50:22.299+0000][7.890s] GC(1) Pause Young (Normal) (G1 Evacuation Pause) 29M->16M(512M) 61.849ms
[2023-06-23T14:50:22.299+0000][7.890s] GC(1) User=0.03s Sys=0.00s Real=0.06s
[2023-06-23T14:50:23.783+0000][9.374s] GC(2) Pause Young (Normal) (G1 Evacuation Pause)
[2023-06-23T14:50:23.783+0000][9.374s] GC(2) Using 2 workers of 2 for evacuation
[2023-06-23T14:50:23.790+0000][9.381s] GC(2)   Pre Evacuate Collection Set: 0.1ms
[2023-06-23T14:50:23.790+0000][9.382s] GC(2)   Merge Heap Roots: 0.1ms
[2023-06-23T14:50:23.790+0000][9.382s] GC(2)   Evacuate Collection Set: 6.7ms
[2023-06-23T14:50:23.790+0000][9.382s] GC(2)   Post Evacuate Collection Set: 0.5ms
[2023-06-23T14:50:23.790+0000][9.382s] GC(2)   Other: 0.2ms
[2023-06-23T14:50:23.790+0000][9.382s] GC(2) Eden regions: 21->0(31)
[2023-06-23T14:50:23.790+0000][9.382s] GC(2) Survivor regions: 4->2(4)
[2023-06-23T14:50:23.790+0000][9.382s] GC(2) Old regions: 9->12
[2023-06-23T14:50:23.790+0000][9.382s] GC(2) Archive regions: 2->2
[2023-06-23T14:50:23.790+0000][9.382s] GC(2) Humongous regions: 4->4
[2023-06-23T14:50:23.790+0000][9.382s] GC(2) Metaspace: 17626K(17920K)->17626K(17920K) NonClass: 15465K(15616K)->15465K(15616K) Class: 2161K(2304K)->2161K(2304K)
[2023-06-23T14:50:23.791+0000][9.382s] GC(2) Pause Young (Normal) (G1 Evacuation Pause) 37M->18M(512M) 7.743ms
[2023-06-23T14:50:23.791+0000][9.382s] GC(2) User=0.01s Sys=0.00s Real=0.01s
[2023-06-23T14:50:25.692+0000][11.283s] GC(3) Pause Young (Normal) (G1 Evacuation Pause)
[2023-06-23T14:50:25.692+0000][11.283s] GC(3) Using 2 workers of 2 for evacuation
[2023-06-23T14:50:25.701+0000][11.292s] GC(3)   Pre Evacuate Collection Set: 0.1ms
[2023-06-23T14:50:25.701+0000][11.292s] GC(3)   Merge Heap Roots: 0.1ms
[2023-06-23T14:50:25.701+0000][11.292s] GC(3)   Evacuate Collection Set: 8.7ms
[2023-06-23T14:50:25.701+0000][11.292s] GC(3)   Post Evacuate Collection Set: 0.5ms
[2023-06-23T14:50:25.701+0000][11.292s] GC(3)   Other: 0.2ms
[2023-06-23T14:50:25.701+0000][11.292s] GC(3) Eden regions: 31->0(44)
[2023-06-23T14:50:25.701+0000][11.292s] GC(3) Survivor regions: 2->5(5)
[2023-06-23T14:50:25.701+0000][11.292s] GC(3) Old regions: 12->13
[2023-06-23T14:50:25.701+0000][11.292s] GC(3) Archive regions: 2->2
[2023-06-23T14:50:25.701+0000][11.292s] GC(3) Humongous regions: 4->4
[2023-06-23T14:50:25.701+0000][11.292s] GC(3) Metaspace: 17844K(18112K)->17844K(18112K) NonClass: 15670K(15808K)->15670K(15808K) Class: 2174K(2304K)->2174K(2304K)
[2023-06-23T14:50:25.701+0000][11.292s] GC(3) Pause Young (Normal) (G1 Evacuation Pause) 49M->22M(512M) 9.623ms
[2023-06-23T14:50:25.701+0000][11.292s] GC(3) User=0.00s Sys=0.00s Real=0.01s
[2023-06-23T14:50:26.905+0000][12.496s] GC(4) Pause Young (Concurrent Start) (Metadata GC Threshold)
[2023-06-23T14:50:26.905+0000][12.497s] GC(4) Using 2 workers of 2 for evacuation
[2023-06-23T14:50:26.911+0000][12.502s] GC(4)   Pre Evacuate Collection Set: 0.1ms
[2023-06-23T14:50:26.911+0000][12.502s] GC(4)   Merge Heap Roots: 0.1ms
[2023-06-23T14:50:26.911+0000][12.502s] GC(4)   Evacuate Collection Set: 4.8ms
[2023-06-23T14:50:26.911+0000][12.502s] GC(4)   Post Evacuate Collection Set: 0.7ms
[2023-06-23T14:50:26.911+0000][12.502s] GC(4)   Other: 0.2ms
[2023-06-23T14:50:26.911+0000][12.502s] GC(4) Eden regions: 22->0(66)
[2023-06-23T14:50:26.911+0000][12.502s] GC(4) Survivor regions: 5->6(7)
[2023-06-23T14:50:26.911+0000][12.502s] GC(4) Old regions: 13->15
[2023-06-23T14:50:26.911+0000][12.502s] GC(4) Archive regions: 2->2
[2023-06-23T14:50:26.911+0000][12.502s] GC(4) Humongous regions: 5->4
[2023-06-23T14:50:26.911+0000][12.502s] GC(4) Metaspace: 21141K(21504K)->21141K(21504K) NonClass: 18581K(18752K)->18581K(18752K) Class: 2560K(2752K)->2560K(2752K)
[2023-06-23T14:50:26.911+0000][12.502s] GC(4) Pause Young (Concurrent Start) (Metadata GC Threshold) 44M->24M(512M) 6.003ms
[2023-06-23T14:50:26.911+0000][12.502s] GC(4) User=0.01s Sys=0.00s Real=0.00s
[2023-06-23T14:50:26.911+0000][12.503s] GC(5) Concurrent Mark Cycle
[2023-06-23T14:50:26.911+0000][12.503s] GC(5) Concurrent Clear Claimed Marks
[2023-06-23T14:50:26.911+0000][12.503s] GC(5) Concurrent Clear Claimed Marks 0.028ms
[2023-06-23T14:50:26.911+0000][12.503s] GC(5) Concurrent Scan Root Regions
[2023-06-23T14:50:26.914+0000][12.505s] GC(5) Concurrent Scan Root Regions 2.309ms
[2023-06-23T14:50:26.914+0000][12.505s] GC(5) Concurrent Mark
[2023-06-23T14:50:26.914+0000][12.505s] GC(5) Concurrent Mark From Roots
[2023-06-23T14:50:26.914+0000][12.505s] GC(5) Using 1 workers of 1 for marking
[2023-06-23T14:50:26.944+0000][12.535s] GC(5) Concurrent Mark From Roots 29.980ms
[2023-06-23T14:50:26.944+0000][12.535s] GC(5) Concurrent Preclean
[2023-06-23T14:50:26.944+0000][12.535s] GC(5) Concurrent Preclean 0.132ms
[2023-06-23T14:50:26.944+0000][12.535s] GC(5) Pause Remark
[2023-06-23T14:50:26.956+0000][12.547s] GC(5) Pause Remark 25M->25M(512M) 11.685ms
[2023-06-23T14:50:26.956+0000][12.547s] GC(5) User=0.01s Sys=0.00s Real=0.01s
[2023-06-23T14:50:26.956+0000][12.547s] GC(5) Concurrent Mark 42.172ms
[2023-06-23T14:50:26.956+0000][12.547s] GC(5) Concurrent Rebuild Remembered Sets
[2023-06-23T14:50:26.999+0000][12.590s] GC(5) Concurrent Rebuild Remembered Sets 43.195ms
[2023-06-23T14:50:27.008+0000][12.599s] GC(5) Pause Cleanup
[2023-06-23T14:50:27.008+0000][12.599s] GC(5) Pause Cleanup 25M->25M(512M) 0.186ms
[2023-06-23T14:50:27.008+0000][12.599s] GC(5) User=0.00s Sys=0.00s Real=0.00s
[2023-06-23T14:50:27.008+0000][12.599s] GC(5) Concurrent Cleanup for Next Mark
[2023-06-23T14:50:27.014+0000][12.605s] GC(5) Concurrent Cleanup for Next Mark 5.555ms
[2023-06-23T14:50:27.014+0000][12.605s] GC(5) Concurrent Mark Cycle 102.217ms
[2023-06-23T14:50:29.331+0000][14.922s] GC(6) Pause Young (Prepare Mixed) (G1 Evacuation Pause)
[2023-06-23T14:50:29.331+0000][14.922s] GC(6) Using 2 workers of 2 for evacuation
[2023-06-23T14:50:29.343+0000][14.935s] GC(6)   Pre Evacuate Collection Set: 0.2ms
[2023-06-23T14:50:29.343+0000][14.935s] GC(6)   Merge Heap Roots: 0.1ms
[2023-06-23T14:50:29.344+0000][14.935s] GC(6)   Evacuate Collection Set: 11.2ms
[2023-06-23T14:50:29.344+0000][14.935s] GC(6)   Post Evacuate Collection Set: 0.9ms
[2023-06-23T14:50:29.344+0000][14.935s] GC(6)   Other: 0.3ms
[2023-06-23T14:50:29.344+0000][14.935s] GC(6) Eden regions: 75->0(15)
[2023-06-23T14:50:29.344+0000][14.935s] GC(6) Survivor regions: 6->10(11)
[2023-06-23T14:50:29.344+0000][14.935s] GC(6) Old regions: 15->15
[2023-06-23T14:50:29.344+0000][14.935s] GC(6) Archive regions: 2->2
[2023-06-23T14:50:29.344+0000][14.935s] GC(6) Humongous regions: 4->4
[2023-06-23T14:50:29.344+0000][14.935s] GC(6) Metaspace: 32546K(32896K)->32546K(32896K) NonClass: 28552K(28736K)->28552K(28736K) Class: 3994K(4160K)->3994K(4160K)
[2023-06-23T14:50:29.344+0000][14.935s] GC(6) Pause Young (Prepare Mixed) (G1 Evacuation Pause) 99M->28M(512M) 12.907ms
[2023-06-23T14:50:29.344+0000][14.935s] GC(6) User=0.02s Sys=0.00s Real=0.02s
[2023-06-23T14:50:29.815+0000][15.406s] GC(7) Pause Young (Mixed) (G1 Evacuation Pause)
[2023-06-23T14:50:29.815+0000][15.406s] GC(7) Using 2 workers of 2 for evacuation
[2023-06-23T14:50:29.827+0000][15.419s] GC(7)   Pre Evacuate Collection Set: 0.2ms
[2023-06-23T14:50:29.827+0000][15.419s] GC(7)   Merge Heap Roots: 0.1ms
[2023-06-23T14:50:29.827+0000][15.419s] GC(7)   Evacuate Collection Set: 11.1ms
[2023-06-23T14:50:29.827+0000][15.419s] GC(7)   Post Evacuate Collection Set: 1.3ms
[2023-06-23T14:50:29.827+0000][15.419s] GC(7)   Other: 0.2ms
[2023-06-23T14:50:29.828+0000][15.419s] GC(7) Eden regions: 15->0(305)
[2023-06-23T14:50:29.828+0000][15.419s] GC(7) Survivor regions: 10->2(4)
[2023-06-23T14:50:29.828+0000][15.419s] GC(7) Old regions: 15->24
[2023-06-23T14:50:29.828+0000][15.419s] GC(7) Archive regions: 2->2
[2023-06-23T14:50:29.828+0000][15.419s] GC(7) Humongous regions: 4->4
[2023-06-23T14:50:29.828+0000][15.419s] GC(7) Metaspace: 34449K(34880K)->34449K(34880K) NonClass: 30193K(30400K)->30193K(30400K) Class: 4255K(4480K)->4255K(4480K)
[2023-06-23T14:50:29.828+0000][15.419s] GC(7) Pause Young (Mixed) (G1 Evacuation Pause) 43M->29M(512M) 12.994ms
[2023-06-23T14:50:29.828+0000][15.419s] GC(7) User=0.02s Sys=0.00s Real=0.02s
[2023-06-23T14:50:30.023+0000][15.614s] GC(8) Pause Young (Concurrent Start) (Metadata GC Threshold)
[2023-06-23T14:50:30.023+0000][15.614s] GC(8) Using 2 workers of 2 for evacuation
[2023-06-23T14:50:30.030+0000][15.621s] GC(8)   Pre Evacuate Collection Set: 0.2ms
[2023-06-23T14:50:30.030+0000][15.622s] GC(8)   Merge Heap Roots: 0.1ms
[2023-06-23T14:50:30.030+0000][15.622s] GC(8)   Evacuate Collection Set: 6.5ms
[2023-06-23T14:50:30.030+0000][15.622s] GC(8)   Post Evacuate Collection Set: 0.5ms
[2023-06-23T14:50:30.030+0000][15.622s] GC(8)   Other: 0.3ms
[2023-06-23T14:50:30.030+0000][15.622s] GC(8) Eden regions: 10->0(305)
[2023-06-23T14:50:30.030+0000][15.622s] GC(8) Survivor regions: 2->2(39)
[2023-06-23T14:50:30.030+0000][15.622s] GC(8) Old regions: 24->24
[2023-06-23T14:50:30.030+0000][15.622s] GC(8) Archive regions: 2->2
[2023-06-23T14:50:30.030+0000][15.622s] GC(8) Humongous regions: 4->4
[2023-06-23T14:50:30.030+0000][15.622s] GC(8) Metaspace: 35573K(35968K)->35573K(35968K) NonClass: 31174K(31360K)->31174K(31360K) Class: 4398K(4608K)->4398K(4608K)
[2023-06-23T14:50:30.030+0000][15.622s] GC(8) Pause Young (Concurrent Start) (Metadata GC Threshold) 39M->30M(512M) 7.696ms
[2023-06-23T14:50:30.031+0000][15.622s] GC(8) User=0.01s Sys=0.00s Real=0.01s
[2023-06-23T14:50:30.031+0000][15.622s] GC(9) Concurrent Mark Cycle
[2023-06-23T14:50:30.031+0000][15.622s] GC(9) Concurrent Clear Claimed Marks
[2023-06-23T14:50:30.031+0000][15.622s] GC(9) Concurrent Clear Claimed Marks 0.048ms
[2023-06-23T14:50:30.031+0000][15.622s] GC(9) Concurrent Scan Root Regions
[2023-06-23T14:50:30.034+0000][15.625s] GC(9) Concurrent Scan Root Regions 3.062ms
[2023-06-23T14:50:30.034+0000][15.625s] GC(9) Concurrent Mark
[2023-06-23T14:50:30.034+0000][15.625s] GC(9) Concurrent Mark From Roots
[2023-06-23T14:50:30.034+0000][15.625s] GC(9) Using 1 workers of 1 for marking
[2023-06-23T14:50:30.131+0000][15.723s] GC(9) Concurrent Mark From Roots 97.645ms
[2023-06-23T14:50:30.131+0000][15.723s] GC(9) Concurrent Preclean
[2023-06-23T14:50:30.132+0000][15.723s] GC(9) Concurrent Preclean 0.137ms
[2023-06-23T14:50:30.132+0000][15.723s] GC(9) Pause Remark
[2023-06-23T14:50:30.137+0000][15.728s] GC(9) Pause Remark 34M->34M(512M) 4.858ms
[2023-06-23T14:50:30.137+0000][15.728s] GC(9) User=0.01s Sys=0.00s Real=0.01s
[2023-06-23T14:50:30.137+0000][15.728s] GC(9) Concurrent Mark 103.024ms
[2023-06-23T14:50:30.137+0000][15.728s] GC(9) Concurrent Rebuild Remembered Sets
[2023-06-23T14:50:30.165+0000][15.756s] GC(9) Concurrent Rebuild Remembered Sets 28.351ms
[2023-06-23T14:50:30.166+0000][15.757s] GC(9) Pause Cleanup
[2023-06-23T14:50:30.166+0000][15.758s] GC(9) Pause Cleanup 35M->35M(512M) 0.154ms
[2023-06-23T14:50:30.166+0000][15.758s] GC(9) User=0.00s Sys=0.00s Real=0.00s
[2023-06-23T14:50:30.171+0000][15.763s] GC(9) Concurrent Cleanup for Next Mark
[2023-06-23T14:50:30.174+0000][15.765s] GC(9) Concurrent Cleanup for Next Mark 2.862ms
[2023-06-23T14:50:30.174+0000][15.766s] GC(9) Concurrent Mark Cycle 143.775ms
