[2023-06-22T14:25:21.861+0000][0.018s] Using G1
[2023-06-22T14:25:23.165+0000][1.322s] Version: 17.0.7+7 (release)
[2023-06-22T14:25:23.165+0000][1.322s] CPUs: 2 total, 2 available
[2023-06-22T14:25:23.165+0000][1.322s] Memory: 1975M
[2023-06-22T14:25:23.165+0000][1.322s] Large Page Support: Disabled
[2023-06-22T14:25:23.165+0000][1.322s] NUMA Support: Disabled
[2023-06-22T14:25:23.165+0000][1.322s] Compressed Oops: Enabled (32-bit)
[2023-06-22T14:25:23.165+0000][1.322s] Heap Region Size: 1M
[2023-06-22T14:25:23.165+0000][1.322s] Heap Min Capacity: 512M
[2023-06-22T14:25:23.165+0000][1.322s] Heap Initial Capacity: 512M
[2023-06-22T14:25:23.165+0000][1.322s] Heap Max Capacity: 512M
[2023-06-22T14:25:23.165+0000][1.322s] Pre-touch: Enabled
[2023-06-22T14:25:23.165+0000][1.322s] Parallel Workers: 2
[2023-06-22T14:25:23.165+0000][1.322s] Concurrent Workers: 1
[2023-06-22T14:25:23.165+0000][1.322s] Concurrent Refinement Workers: 2
[2023-06-22T14:25:23.165+0000][1.322s] Periodic GC: Disabled
[2023-06-22T14:25:23.165+0000][1.322s] CDS archive(s) mapped at: [0x0000000800000000-0x0000000800a7b000-0x0000000800a7b000), size 10989568, SharedBaseAddress: 0x0000000800000000, ArchiveRelocationMode: 0.
[2023-06-22T14:25:23.165+0000][1.322s] Compressed class space mapped at: 0x0000000801000000-0x0000000841000000, reserved size: 1073741824
[2023-06-22T14:25:23.165+0000][1.322s] Narrow klass base: 0x0000000800000000, Narrow klass shift: 0, Narrow klass range: 0x100000000
[2023-06-22T14:25:25.804+0000][3.961s] GC(0) Pause Young (Normal) (G1 Evacuation Pause)
[2023-06-22T14:25:25.804+0000][3.961s] GC(0) Using 2 workers of 2 for evacuation
[2023-06-22T14:25:25.815+0000][3.972s] GC(0)   Pre Evacuate Collection Set: 0.1ms
[2023-06-22T14:25:25.815+0000][3.972s] GC(0)   Merge Heap Roots: 0.1ms
[2023-06-22T14:25:25.815+0000][3.972s] GC(0)   Evacuate Collection Set: 9.7ms
[2023-06-22T14:25:25.815+0000][3.972s] GC(0)   Post Evacuate Collection Set: 1.2ms
[2023-06-22T14:25:25.815+0000][3.972s] GC(0)   Other: 1.0ms
[2023-06-22T14:25:25.815+0000][3.972s] GC(0) Eden regions: 25->0(21)
[2023-06-22T14:25:25.815+0000][3.972s] GC(0) Survivor regions: 0->4(4)
[2023-06-22T14:25:25.816+0000][3.972s] GC(0) Old regions: 0->0
[2023-06-22T14:25:25.816+0000][3.972s] GC(0) Archive regions: 2->2
[2023-06-22T14:25:25.816+0000][3.972s] GC(0) Humongous regions: 0->0
[2023-06-22T14:25:25.816+0000][3.972s] GC(0) Metaspace: 9048K(9280K)->9048K(9280K) NonClass: 7939K(8064K)->7939K(8064K) Class: 1109K(1216K)->1109K(1216K)
[2023-06-22T14:25:25.816+0000][3.972s] GC(0) Pause Young (Normal) (G1 Evacuation Pause) 25M->4M(512M) 11.500ms
[2023-06-22T14:25:25.816+0000][3.972s] GC(0) User=0.01s Sys=0.01s Real=0.01s
[2023-06-22T14:25:27.106+0000][5.263s] GC(1) Pause Young (Normal) (G1 Evacuation Pause)
[2023-06-22T14:25:27.106+0000][5.263s] GC(1) Using 2 workers of 2 for evacuation
[2023-06-22T14:25:27.147+0000][5.304s] GC(1)   Pre Evacuate Collection Set: 0.1ms
[2023-06-22T14:25:27.147+0000][5.304s] GC(1)   Merge Heap Roots: 0.1ms
[2023-06-22T14:25:27.147+0000][5.304s] GC(1)   Evacuate Collection Set: 39.7ms
[2023-06-22T14:25:27.147+0000][5.304s] GC(1)   Post Evacuate Collection Set: 0.8ms
[2023-06-22T14:25:27.147+0000][5.304s] GC(1)   Other: 0.2ms
[2023-06-22T14:25:27.147+0000][5.304s] GC(1) Eden regions: 21->0(21)
[2023-06-22T14:25:27.147+0000][5.304s] GC(1) Survivor regions: 4->4(4)
[2023-06-22T14:25:27.147+0000][5.304s] GC(1) Old regions: 0->9
[2023-06-22T14:25:27.147+0000][5.304s] GC(1) Archive regions: 2->2
[2023-06-22T14:25:27.147+0000][5.304s] GC(1) Humongous regions: 4->4
[2023-06-22T14:25:27.147+0000][5.304s] GC(1) Metaspace: 14907K(15232K)->14907K(15232K) NonClass: 13089K(13248K)->13089K(13248K) Class: 1817K(1984K)->1817K(1984K)
[2023-06-22T14:25:27.147+0000][5.304s] GC(1) Pause Young (Normal) (G1 Evacuation Pause) 29M->16M(512M) 40.966ms
[2023-06-22T14:25:27.147+0000][5.304s] GC(1) User=0.03s Sys=0.00s Real=0.04s
[2023-06-22T14:25:28.122+0000][6.279s] GC(2) Pause Young (Normal) (G1 Evacuation Pause)
[2023-06-22T14:25:28.122+0000][6.279s] GC(2) Using 2 workers of 2 for evacuation
[2023-06-22T14:25:28.136+0000][6.293s] GC(2)   Pre Evacuate Collection Set: 0.1ms
[2023-06-22T14:25:28.136+0000][6.293s] GC(2)   Merge Heap Roots: 0.1ms
[2023-06-22T14:25:28.136+0000][6.293s] GC(2)   Evacuate Collection Set: 11.0ms
[2023-06-22T14:25:28.136+0000][6.293s] GC(2)   Post Evacuate Collection Set: 2.4ms
[2023-06-22T14:25:28.136+0000][6.293s] GC(2)   Other: 0.2ms
[2023-06-22T14:25:28.136+0000][6.293s] GC(2) Eden regions: 21->0(31)
[2023-06-22T14:25:28.136+0000][6.293s] GC(2) Survivor regions: 4->3(4)
[2023-06-22T14:25:28.136+0000][6.293s] GC(2) Old regions: 9->13
[2023-06-22T14:25:28.136+0000][6.293s] GC(2) Archive regions: 2->2
[2023-06-22T14:25:28.136+0000][6.293s] GC(2) Humongous regions: 4->4
[2023-06-22T14:25:28.136+0000][6.293s] GC(2) Metaspace: 17671K(17984K)->17671K(17984K) NonClass: 15510K(15680K)->15510K(15680K) Class: 2160K(2304K)->2160K(2304K)
[2023-06-22T14:25:28.136+0000][6.293s] GC(2) Pause Young (Normal) (G1 Evacuation Pause) 37M->19M(512M) 13.918ms
[2023-06-22T14:25:28.136+0000][6.293s] GC(2) User=0.02s Sys=0.00s Real=0.02s
[2023-06-22T14:25:29.372+0000][7.529s] GC(3) Pause Young (Normal) (G1 Evacuation Pause)
[2023-06-22T14:25:29.372+0000][7.529s] GC(3) Using 2 workers of 2 for evacuation
[2023-06-22T14:25:29.382+0000][7.539s] GC(3)   Pre Evacuate Collection Set: 0.1ms
[2023-06-22T14:25:29.382+0000][7.539s] GC(3)   Merge Heap Roots: 0.1ms
[2023-06-22T14:25:29.382+0000][7.539s] GC(3)   Evacuate Collection Set: 9.4ms
[2023-06-22T14:25:29.382+0000][7.539s] GC(3)   Post Evacuate Collection Set: 0.5ms
[2023-06-22T14:25:29.382+0000][7.539s] GC(3)   Other: 0.2ms
[2023-06-22T14:25:29.382+0000][7.539s] GC(3) Eden regions: 31->0(45)
[2023-06-22T14:25:29.382+0000][7.539s] GC(3) Survivor regions: 3->5(5)
[2023-06-22T14:25:29.382+0000][7.539s] GC(3) Old regions: 13->13
[2023-06-22T14:25:29.382+0000][7.539s] GC(3) Archive regions: 2->2
[2023-06-22T14:25:29.382+0000][7.539s] GC(3) Humongous regions: 4->4
[2023-06-22T14:25:29.382+0000][7.539s] GC(3) Metaspace: 17909K(18176K)->17909K(18176K) NonClass: 15731K(15872K)->15731K(15872K) Class: 2177K(2304K)->2177K(2304K)
[2023-06-22T14:25:29.382+0000][7.539s] GC(3) Pause Young (Normal) (G1 Evacuation Pause) 50M->22M(512M) 10.388ms
[2023-06-22T14:25:29.382+0000][7.539s] GC(3) User=0.01s Sys=0.00s Real=0.01s
[2023-06-22T14:25:30.386+0000][8.543s] GC(4) Pause Young (Concurrent Start) (Metadata GC Threshold)
[2023-06-22T14:25:30.386+0000][8.543s] GC(4) Using 2 workers of 2 for evacuation
[2023-06-22T14:25:30.404+0000][8.561s] GC(4)   Pre Evacuate Collection Set: 0.1ms
[2023-06-22T14:25:30.405+0000][8.561s] GC(4)   Merge Heap Roots: 0.1ms
[2023-06-22T14:25:30.405+0000][8.561s] GC(4)   Evacuate Collection Set: 17.2ms
[2023-06-22T14:25:30.405+0000][8.561s] GC(4)   Post Evacuate Collection Set: 0.7ms
[2023-06-22T14:25:30.405+0000][8.561s] GC(4)   Other: 0.3ms
[2023-06-22T14:25:30.405+0000][8.561s] GC(4) Eden regions: 21->0(67)
[2023-06-22T14:25:30.405+0000][8.561s] GC(4) Survivor regions: 5->5(7)
[2023-06-22T14:25:30.405+0000][8.561s] GC(4) Old regions: 13->15
[2023-06-22T14:25:30.405+0000][8.561s] GC(4) Archive regions: 2->2
[2023-06-22T14:25:30.405+0000][8.561s] GC(4) Humongous regions: 5->5
[2023-06-22T14:25:30.405+0000][8.561s] GC(4) Metaspace: 21178K(21504K)->21178K(21504K) NonClass: 18620K(18816K)->18620K(18816K) Class: 2558K(2688K)->2558K(2688K)
[2023-06-22T14:25:30.405+0000][8.562s] GC(4) Pause Young (Concurrent Start) (Metadata GC Threshold) 44M->25M(512M) 18.450ms
[2023-06-22T14:25:30.405+0000][8.562s] GC(4) User=0.01s Sys=0.00s Real=0.02s
[2023-06-22T14:25:30.405+0000][8.562s] GC(5) Concurrent Mark Cycle
[2023-06-22T14:25:30.405+0000][8.562s] GC(5) Concurrent Clear Claimed Marks
[2023-06-22T14:25:30.405+0000][8.562s] GC(5) Concurrent Clear Claimed Marks 0.038ms
[2023-06-22T14:25:30.405+0000][8.562s] GC(5) Concurrent Scan Root Regions
[2023-06-22T14:25:30.407+0000][8.564s] GC(5) Concurrent Scan Root Regions 2.468ms
[2023-06-22T14:25:30.407+0000][8.564s] GC(5) Concurrent Mark
[2023-06-22T14:25:30.407+0000][8.564s] GC(5) Concurrent Mark From Roots
[2023-06-22T14:25:30.407+0000][8.564s] GC(5) Using 1 workers of 1 for marking
[2023-06-22T14:25:30.446+0000][8.603s] GC(5) Concurrent Mark From Roots 38.308ms
[2023-06-22T14:25:30.446+0000][8.603s] GC(5) Concurrent Preclean
[2023-06-22T14:25:30.446+0000][8.603s] GC(5) Concurrent Preclean 0.083ms
[2023-06-22T14:25:30.446+0000][8.603s] GC(5) Pause Remark
[2023-06-22T14:25:30.452+0000][8.609s] GC(5) Pause Remark 27M->27M(512M) 5.598ms
[2023-06-22T14:25:30.452+0000][8.609s] GC(5) User=0.01s Sys=0.00s Real=0.00s
[2023-06-22T14:25:30.458+0000][8.615s] GC(5) Concurrent Mark 50.258ms
[2023-06-22T14:25:30.458+0000][8.615s] GC(5) Concurrent Rebuild Remembered Sets
[2023-06-22T14:25:30.510+0000][8.667s] GC(5) Concurrent Rebuild Remembered Sets 52.378ms
[2023-06-22T14:25:30.517+0000][8.674s] GC(5) Pause Cleanup
[2023-06-22T14:25:30.517+0000][8.674s] GC(5) Pause Cleanup 28M->28M(512M) 0.170ms
[2023-06-22T14:25:30.517+0000][8.674s] GC(5) User=0.00s Sys=0.00s Real=0.00s
[2023-06-22T14:25:30.517+0000][8.674s] GC(5) Concurrent Cleanup for Next Mark
[2023-06-22T14:25:30.518+0000][8.675s] GC(5) Concurrent Cleanup for Next Mark 1.111ms
[2023-06-22T14:25:30.518+0000][8.675s] GC(5) Concurrent Mark Cycle 113.499ms
[2023-06-22T14:25:34.071+0000][12.228s] GC(6) Pause Young (Normal) (G1 Evacuation Pause)
[2023-06-22T14:25:34.072+0000][12.228s] GC(6) Using 2 workers of 2 for evacuation
[2023-06-22T14:25:34.106+0000][12.263s] GC(6)   Pre Evacuate Collection Set: 0.5ms
[2023-06-22T14:25:34.106+0000][12.263s] GC(6)   Merge Heap Roots: 0.1ms
[2023-06-22T14:25:34.106+0000][12.263s] GC(6)   Evacuate Collection Set: 31.3ms
[2023-06-22T14:25:34.106+0000][12.263s] GC(6)   Post Evacuate Collection Set: 2.1ms
[2023-06-22T14:25:34.106+0000][12.263s] GC(6)   Other: 0.2ms
[2023-06-22T14:25:34.106+0000][12.263s] GC(6) Eden regions: 75->0(84)
[2023-06-22T14:25:34.106+0000][12.263s] GC(6) Survivor regions: 5->10(10)
[2023-06-22T14:25:34.106+0000][12.263s] GC(6) Old regions: 15->15
[2023-06-22T14:25:34.106+0000][12.263s] GC(6) Archive regions: 2->2
[2023-06-22T14:25:34.106+0000][12.263s] GC(6) Humongous regions: 5->4
[2023-06-22T14:25:34.106+0000][12.263s] GC(6) Metaspace: 32238K(32576K)->32238K(32576K) NonClass: 28297K(28480K)->28297K(28480K) Class: 3940K(4096K)->3940K(4096K)
[2023-06-22T14:25:34.106+0000][12.263s] GC(6) Pause Young (Normal) (G1 Evacuation Pause) 100M->29M(512M) 34.354ms
[2023-06-22T14:25:34.106+0000][12.263s] GC(6) User=0.02s Sys=0.00s Real=0.04s
[2023-06-22T14:25:35.453+0000][13.610s] GC(7) Pause Young (Concurrent Start) (Metadata GC Threshold)
[2023-06-22T14:25:35.453+0000][13.610s] GC(7) Using 2 workers of 2 for evacuation
[2023-06-22T14:25:35.481+0000][13.638s] GC(7)   Pre Evacuate Collection Set: 0.7ms
[2023-06-22T14:25:35.481+0000][13.638s] GC(7)   Merge Heap Roots: 1.1ms
[2023-06-22T14:25:35.481+0000][13.638s] GC(7)   Evacuate Collection Set: 24.3ms
[2023-06-22T14:25:35.481+0000][13.638s] GC(7)   Post Evacuate Collection Set: 1.3ms
[2023-06-22T14:25:35.481+0000][13.638s] GC(7)   Other: 0.3ms
[2023-06-22T14:25:35.481+0000][13.638s] GC(7) Eden regions: 27->0(85)
[2023-06-22T14:25:35.481+0000][13.638s] GC(7) Survivor regions: 10->8(12)
[2023-06-22T14:25:35.481+0000][13.638s] GC(7) Old regions: 15->18
[2023-06-22T14:25:35.481+0000][13.638s] GC(7) Archive regions: 2->2
[2023-06-22T14:25:35.481+0000][13.638s] GC(7) Humongous regions: 4->4
[2023-06-22T14:25:35.481+0000][13.638s] GC(7) Metaspace: 35583K(35968K)->35583K(35968K) NonClass: 31188K(31360K)->31188K(31360K) Class: 4394K(4608K)->4394K(4608K)
[2023-06-22T14:25:35.481+0000][13.638s] GC(7) Pause Young (Concurrent Start) (Metadata GC Threshold) 55M->30M(512M) 27.812ms
[2023-06-22T14:25:35.481+0000][13.638s] GC(7) User=0.03s Sys=0.00s Real=0.03s
[2023-06-22T14:25:35.482+0000][13.639s] GC(8) Concurrent Mark Cycle
[2023-06-22T14:25:35.482+0000][13.639s] GC(8) Concurrent Clear Claimed Marks
[2023-06-22T14:25:35.482+0000][13.639s] GC(8) Concurrent Clear Claimed Marks 0.054ms
[2023-06-22T14:25:35.482+0000][13.639s] GC(8) Concurrent Scan Root Regions
[2023-06-22T14:25:35.498+0000][13.655s] GC(8) Concurrent Scan Root Regions 16.019ms
[2023-06-22T14:25:35.498+0000][13.655s] GC(8) Concurrent Mark
[2023-06-22T14:25:35.498+0000][13.655s] GC(8) Concurrent Mark From Roots
[2023-06-22T14:25:35.498+0000][13.655s] GC(8) Using 1 workers of 1 for marking
[2023-06-22T14:25:35.600+0000][13.757s] GC(8) Concurrent Mark From Roots 102.045ms
[2023-06-22T14:25:35.600+0000][13.757s] GC(8) Concurrent Preclean
[2023-06-22T14:25:35.600+0000][13.757s] GC(8) Concurrent Preclean 0.105ms
[2023-06-22T14:25:35.601+0000][13.757s] GC(8) Pause Remark
[2023-06-22T14:25:35.608+0000][13.765s] GC(8) Pause Remark 33M->33M(512M) 7.672ms
[2023-06-22T14:25:35.608+0000][13.765s] GC(8) User=0.02s Sys=0.00s Real=0.01s
[2023-06-22T14:25:35.608+0000][13.765s] GC(8) Concurrent Mark 110.141ms
[2023-06-22T14:25:35.608+0000][13.765s] GC(8) Concurrent Rebuild Remembered Sets
[2023-06-22T14:25:35.639+0000][13.796s] GC(8) Concurrent Rebuild Remembered Sets 30.497ms
[2023-06-22T14:25:35.644+0000][13.801s] GC(8) Pause Cleanup
[2023-06-22T14:25:35.644+0000][13.801s] GC(8) Pause Cleanup 34M->34M(512M) 0.174ms
[2023-06-22T14:25:35.645+0000][13.801s] GC(8) User=0.00s Sys=0.00s Real=0.00s
[2023-06-22T14:25:35.645+0000][13.801s] GC(8) Concurrent Cleanup for Next Mark
[2023-06-22T14:25:35.646+0000][13.803s] GC(8) Concurrent Cleanup for Next Mark 1.176ms
[2023-06-22T14:25:35.646+0000][13.803s] GC(8) Concurrent Mark Cycle 163.770ms
[2023-06-22T14:25:38.956+0000][17.112s] GC(9) Pause Young (Concurrent Start) (G1 Evacuation Pause)
[2023-06-22T14:25:38.956+0000][17.113s] GC(9) Using 2 workers of 2 for evacuation
[2023-06-22T14:25:38.998+0000][17.155s] GC(9)   Pre Evacuate Collection Set: 0.2ms
[2023-06-22T14:25:38.998+0000][17.155s] GC(9)   Merge Heap Roots: 0.1ms
[2023-06-22T14:25:38.998+0000][17.155s] GC(9)   Evacuate Collection Set: 41.3ms
[2023-06-22T14:25:38.998+0000][17.155s] GC(9)   Post Evacuate Collection Set: 1.0ms
[2023-06-22T14:25:38.998+0000][17.155s] GC(9)   Other: 0.2ms
[2023-06-22T14:25:38.998+0000][17.155s] GC(9) Eden regions: 88->0(300)
[2023-06-22T14:25:38.999+0000][17.155s] GC(9) Survivor regions: 8->7(12)
[2023-06-22T14:25:38.999+0000][17.155s] GC(9) Old regions: 18->24
[2023-06-22T14:25:38.999+0000][17.155s] GC(9) Archive regions: 2->2
[2023-06-22T14:25:38.999+0000][17.155s] GC(9) Humongous regions: 4->4
[2023-06-22T14:25:38.999+0000][17.155s] GC(9) Metaspace: 45647K(46080K)->45647K(46080K) NonClass: 39842K(40064K)->39842K(40064K) Class: 5804K(6016K)->5804K(6016K)
[2023-06-22T14:25:38.999+0000][17.155s] GC(9) Pause Young (Concurrent Start) (G1 Evacuation Pause) 118M->35M(512M) 42.947ms
[2023-06-22T14:25:38.999+0000][17.155s] GC(9) User=0.05s Sys=0.00s Real=0.04s
[2023-06-22T14:25:38.999+0000][17.156s] GC(10) Concurrent Mark Cycle
[2023-06-22T14:25:38.999+0000][17.156s] GC(10) Concurrent Clear Claimed Marks
[2023-06-22T14:25:38.999+0000][17.156s] GC(10) Concurrent Clear Claimed Marks 0.058ms
[2023-06-22T14:25:38.999+0000][17.156s] GC(10) Concurrent Scan Root Regions
[2023-06-22T14:25:39.026+0000][17.183s] GC(10) Concurrent Scan Root Regions 27.486ms
[2023-06-22T14:25:39.026+0000][17.183s] GC(10) Concurrent Mark
[2023-06-22T14:25:39.026+0000][17.183s] GC(10) Concurrent Mark From Roots
[2023-06-22T14:25:39.026+0000][17.183s] GC(10) Using 1 workers of 1 for marking
[2023-06-22T14:25:39.092+0000][17.249s] GC(10) Concurrent Mark From Roots 65.770ms
[2023-06-22T14:25:39.092+0000][17.249s] GC(10) Concurrent Preclean
[2023-06-22T14:25:39.092+0000][17.249s] GC(10) Concurrent Preclean 0.150ms
[2023-06-22T14:25:39.102+0000][17.259s] GC(10) Pause Remark
[2023-06-22T14:25:39.116+0000][17.273s] GC(10) Pause Remark 38M->38M(512M) 13.731ms
[2023-06-22T14:25:39.116+0000][17.273s] GC(10) User=0.01s Sys=0.00s Real=0.02s
[2023-06-22T14:25:39.116+0000][17.273s] GC(10) Concurrent Mark 89.759ms
[2023-06-22T14:25:39.116+0000][17.273s] GC(10) Concurrent Rebuild Remembered Sets
[2023-06-22T14:25:39.145+0000][17.301s] GC(10) Concurrent Rebuild Remembered Sets 28.429ms
[2023-06-22T14:25:39.145+0000][17.302s] GC(10) Pause Cleanup
[2023-06-22T14:25:39.145+0000][17.302s] GC(10) Pause Cleanup 39M->39M(512M) 0.121ms
[2023-06-22T14:25:39.145+0000][17.302s] GC(10) User=0.00s Sys=0.00s Real=0.00s
[2023-06-22T14:25:39.145+0000][17.302s] GC(10) Concurrent Cleanup for Next Mark
[2023-06-22T14:25:39.147+0000][17.303s] GC(10) Concurrent Cleanup for Next Mark 1.544ms
[2023-06-22T14:25:39.147+0000][17.303s] GC(10) Concurrent Mark Cycle 147.950ms
