[2023-06-22T08:40:44.011+0000][0.019s] Using G1
[2023-06-22T08:40:46.253+0000][2.261s] Version: 17.0.7+7 (release)
[2023-06-22T08:40:46.253+0000][2.261s] CPUs: 2 total, 2 available
[2023-06-22T08:40:46.253+0000][2.261s] Memory: 1975M
[2023-06-22T08:40:46.253+0000][2.261s] Large Page Support: Disabled
[2023-06-22T08:40:46.253+0000][2.261s] NUMA Support: Disabled
[2023-06-22T08:40:46.253+0000][2.262s] Compressed Oops: Enabled (32-bit)
[2023-06-22T08:40:46.253+0000][2.262s] Heap Region Size: 1M
[2023-06-22T08:40:46.253+0000][2.262s] Heap Min Capacity: 512M
[2023-06-22T08:40:46.253+0000][2.262s] Heap Initial Capacity: 512M
[2023-06-22T08:40:46.253+0000][2.262s] Heap Max Capacity: 512M
[2023-06-22T08:40:46.253+0000][2.262s] Pre-touch: Enabled
[2023-06-22T08:40:46.253+0000][2.262s] Parallel Workers: 2
[2023-06-22T08:40:46.253+0000][2.262s] Concurrent Workers: 1
[2023-06-22T08:40:46.253+0000][2.262s] Concurrent Refinement Workers: 2
[2023-06-22T08:40:46.253+0000][2.262s] Periodic GC: Disabled
[2023-06-22T08:40:46.254+0000][2.262s] CDS archive(s) mapped at: [0x0000000800000000-0x0000000800a7b000-0x0000000800a7b000), size 10989568, SharedBaseAddress: 0x0000000800000000, ArchiveRelocationMode: 0.
[2023-06-22T08:40:46.254+0000][2.262s] Compressed class space mapped at: 0x0000000801000000-0x0000000841000000, reserved size: 1073741824
[2023-06-22T08:40:46.254+0000][2.262s] Narrow klass base: 0x0000000800000000, Narrow klass shift: 0, Narrow klass range: 0x100000000
[2023-06-22T08:40:48.352+0000][4.361s] GC(0) Pause Young (Normal) (G1 Evacuation Pause)
[2023-06-22T08:40:48.352+0000][4.361s] GC(0) Using 2 workers of 2 for evacuation
[2023-06-22T08:40:48.360+0000][4.368s] GC(0)   Pre Evacuate Collection Set: 0.2ms
[2023-06-22T08:40:48.360+0000][4.368s] GC(0)   Merge Heap Roots: 0.1ms
[2023-06-22T08:40:48.360+0000][4.368s] GC(0)   Evacuate Collection Set: 5.7ms
[2023-06-22T08:40:48.360+0000][4.368s] GC(0)   Post Evacuate Collection Set: 1.1ms
[2023-06-22T08:40:48.360+0000][4.368s] GC(0)   Other: 1.2ms
[2023-06-22T08:40:48.360+0000][4.368s] GC(0) Eden regions: 25->0(21)
[2023-06-22T08:40:48.360+0000][4.368s] GC(0) Survivor regions: 0->4(4)
[2023-06-22T08:40:48.360+0000][4.368s] GC(0) Old regions: 0->0
[2023-06-22T08:40:48.360+0000][4.368s] GC(0) Archive regions: 2->2
[2023-06-22T08:40:48.360+0000][4.368s] GC(0) Humongous regions: 0->0
[2023-06-22T08:40:48.360+0000][4.368s] GC(0) Metaspace: 9077K(9280K)->9077K(9280K) NonClass: 7966K(8064K)->7966K(8064K) Class: 1110K(1216K)->1110K(1216K)
[2023-06-22T08:40:48.360+0000][4.368s] GC(0) Pause Young (Normal) (G1 Evacuation Pause) 25M->4M(512M) 7.498ms
[2023-06-22T08:40:48.360+0000][4.368s] GC(0) User=0.01s Sys=0.00s Real=0.01s
[2023-06-22T08:40:49.234+0000][5.242s] GC(1) Pause Young (Normal) (G1 Evacuation Pause)
[2023-06-22T08:40:49.234+0000][5.242s] GC(1) Using 2 workers of 2 for evacuation
[2023-06-22T08:40:49.257+0000][5.266s] GC(1)   Pre Evacuate Collection Set: 0.1ms
[2023-06-22T08:40:49.257+0000][5.266s] GC(1)   Merge Heap Roots: 0.1ms
[2023-06-22T08:40:49.257+0000][5.266s] GC(1)   Evacuate Collection Set: 22.5ms
[2023-06-22T08:40:49.257+0000][5.266s] GC(1)   Post Evacuate Collection Set: 0.7ms
[2023-06-22T08:40:49.257+0000][5.266s] GC(1)   Other: 0.2ms
[2023-06-22T08:40:49.257+0000][5.266s] GC(1) Eden regions: 21->0(21)
[2023-06-22T08:40:49.257+0000][5.266s] GC(1) Survivor regions: 4->4(4)
[2023-06-22T08:40:49.257+0000][5.266s] GC(1) Old regions: 0->9
[2023-06-22T08:40:49.257+0000][5.266s] GC(1) Archive regions: 2->2
[2023-06-22T08:40:49.257+0000][5.266s] GC(1) Humongous regions: 4->4
[2023-06-22T08:40:49.257+0000][5.266s] GC(1) Metaspace: 14885K(15168K)->14885K(15168K) NonClass: 13064K(13184K)->13064K(13184K) Class: 1821K(1984K)->1821K(1984K)
[2023-06-22T08:40:49.257+0000][5.266s] GC(1) Pause Young (Normal) (G1 Evacuation Pause) 29M->16M(512M) 23.659ms
[2023-06-22T08:40:49.257+0000][5.266s] GC(1) User=0.05s Sys=0.00s Real=0.02s
[2023-06-22T08:40:49.761+0000][5.769s] GC(2) Pause Young (Normal) (G1 Evacuation Pause)
[2023-06-22T08:40:49.761+0000][5.769s] GC(2) Using 2 workers of 2 for evacuation
[2023-06-22T08:40:49.779+0000][5.787s] GC(2)   Pre Evacuate Collection Set: 0.3ms
[2023-06-22T08:40:49.779+0000][5.787s] GC(2)   Merge Heap Roots: 0.1ms
[2023-06-22T08:40:49.779+0000][5.787s] GC(2)   Evacuate Collection Set: 16.8ms
[2023-06-22T08:40:49.779+0000][5.787s] GC(2)   Post Evacuate Collection Set: 0.7ms
[2023-06-22T08:40:49.779+0000][5.787s] GC(2)   Other: 0.2ms
[2023-06-22T08:40:49.779+0000][5.787s] GC(2) Eden regions: 21->0(31)
[2023-06-22T08:40:49.779+0000][5.787s] GC(2) Survivor regions: 4->2(4)
[2023-06-22T08:40:49.779+0000][5.787s] GC(2) Old regions: 9->13
[2023-06-22T08:40:49.779+0000][5.787s] GC(2) Archive regions: 2->2
[2023-06-22T08:40:49.779+0000][5.787s] GC(2) Humongous regions: 4->4
[2023-06-22T08:40:49.779+0000][5.787s] GC(2) Metaspace: 17592K(17856K)->17592K(17856K) NonClass: 15434K(15552K)->15434K(15552K) Class: 2158K(2304K)->2158K(2304K)
[2023-06-22T08:40:49.779+0000][5.787s] GC(2) Pause Young (Normal) (G1 Evacuation Pause) 37M->19M(512M) 18.191ms
[2023-06-22T08:40:49.779+0000][5.787s] GC(2) User=0.04s Sys=0.00s Real=0.02s
[2023-06-22T08:40:50.735+0000][6.743s] GC(3) Pause Young (Normal) (G1 Evacuation Pause)
[2023-06-22T08:40:50.735+0000][6.743s] GC(3) Using 2 workers of 2 for evacuation
[2023-06-22T08:40:50.740+0000][6.748s] GC(3)   Pre Evacuate Collection Set: 0.1ms
[2023-06-22T08:40:50.740+0000][6.748s] GC(3)   Merge Heap Roots: 0.1ms
[2023-06-22T08:40:50.740+0000][6.748s] GC(3)   Evacuate Collection Set: 4.3ms
[2023-06-22T08:40:50.740+0000][6.748s] GC(3)   Post Evacuate Collection Set: 0.6ms
[2023-06-22T08:40:50.740+0000][6.748s] GC(3)   Other: 0.2ms
[2023-06-22T08:40:50.740+0000][6.748s] GC(3) Eden regions: 31->0(43)
[2023-06-22T08:40:50.740+0000][6.748s] GC(3) Survivor regions: 2->5(5)
[2023-06-22T08:40:50.740+0000][6.748s] GC(3) Old regions: 13->13
[2023-06-22T08:40:50.740+0000][6.748s] GC(3) Archive regions: 2->2
[2023-06-22T08:40:50.740+0000][6.748s] GC(3) Humongous regions: 4->4
[2023-06-22T08:40:50.740+0000][6.748s] GC(3) Metaspace: 17854K(18112K)->17854K(18112K) NonClass: 15678K(15808K)->15678K(15808K) Class: 2176K(2304K)->2176K(2304K)
[2023-06-22T08:40:50.740+0000][6.748s] GC(3) Pause Young (Normal) (G1 Evacuation Pause) 50M->22M(512M) 5.388ms
[2023-06-22T08:40:50.740+0000][6.748s] GC(3) User=0.01s Sys=0.00s Real=0.01s
[2023-06-22T08:40:51.393+0000][7.402s] GC(4) Pause Young (Concurrent Start) (Metadata GC Threshold)
[2023-06-22T08:40:51.393+0000][7.402s] GC(4) Using 2 workers of 2 for evacuation
[2023-06-22T08:40:51.401+0000][7.409s] GC(4)   Pre Evacuate Collection Set: 0.2ms
[2023-06-22T08:40:51.401+0000][7.409s] GC(4)   Merge Heap Roots: 0.1ms
[2023-06-22T08:40:51.401+0000][7.409s] GC(4)   Evacuate Collection Set: 6.2ms
[2023-06-22T08:40:51.401+0000][7.409s] GC(4)   Post Evacuate Collection Set: 0.6ms
[2023-06-22T08:40:51.401+0000][7.409s] GC(4)   Other: 0.3ms
[2023-06-22T08:40:51.401+0000][7.409s] GC(4) Eden regions: 22->0(78)
[2023-06-22T08:40:51.401+0000][7.409s] GC(4) Survivor regions: 5->2(6)
[2023-06-22T08:40:51.401+0000][7.409s] GC(4) Old regions: 13->18
[2023-06-22T08:40:51.401+0000][7.409s] GC(4) Archive regions: 2->2
[2023-06-22T08:40:51.401+0000][7.409s] GC(4) Humongous regions: 5->4
[2023-06-22T08:40:51.401+0000][7.409s] GC(4) Metaspace: 21171K(21504K)->21171K(21504K) NonClass: 18604K(18752K)->18604K(18752K) Class: 2566K(2752K)->2566K(2752K)
[2023-06-22T08:40:51.401+0000][7.409s] GC(4) Pause Young (Concurrent Start) (Metadata GC Threshold) 45M->24M(512M) 7.555ms
[2023-06-22T08:40:51.401+0000][7.409s] GC(4) User=0.01s Sys=0.00s Real=0.01s
[2023-06-22T08:40:51.401+0000][7.409s] GC(5) Concurrent Mark Cycle
[2023-06-22T08:40:51.401+0000][7.409s] GC(5) Concurrent Clear Claimed Marks
[2023-06-22T08:40:51.401+0000][7.409s] GC(5) Concurrent Clear Claimed Marks 0.037ms
[2023-06-22T08:40:51.401+0000][7.409s] GC(5) Concurrent Scan Root Regions
[2023-06-22T08:40:51.403+0000][7.412s] GC(5) Concurrent Scan Root Regions 2.277ms
[2023-06-22T08:40:51.403+0000][7.412s] GC(5) Concurrent Mark
[2023-06-22T08:40:51.403+0000][7.412s] GC(5) Concurrent Mark From Roots
[2023-06-22T08:40:51.403+0000][7.412s] GC(5) Using 1 workers of 1 for marking
[2023-06-22T08:40:51.457+0000][7.466s] GC(5) Concurrent Mark From Roots 53.861ms
[2023-06-22T08:40:51.457+0000][7.466s] GC(5) Concurrent Preclean
[2023-06-22T08:40:51.457+0000][7.466s] GC(5) Concurrent Preclean 0.124ms
[2023-06-22T08:40:51.458+0000][7.466s] GC(5) Pause Remark
[2023-06-22T08:40:51.463+0000][7.472s] GC(5) Pause Remark 26M->26M(512M) 5.785ms
[2023-06-22T08:40:51.463+0000][7.472s] GC(5) User=0.01s Sys=0.00s Real=0.01s
[2023-06-22T08:40:51.464+0000][7.472s] GC(5) Concurrent Mark 60.203ms
[2023-06-22T08:40:51.464+0000][7.472s] GC(5) Concurrent Rebuild Remembered Sets
[2023-06-22T08:40:51.478+0000][7.486s] GC(5) Concurrent Rebuild Remembered Sets 14.311ms
[2023-06-22T08:40:51.478+0000][7.487s] GC(5) Pause Cleanup
[2023-06-22T08:40:51.478+0000][7.487s] GC(5) Pause Cleanup 26M->26M(512M) 0.193ms
[2023-06-22T08:40:51.478+0000][7.487s] GC(5) User=0.00s Sys=0.00s Real=0.00s
[2023-06-22T08:40:51.478+0000][7.487s] GC(5) Concurrent Cleanup for Next Mark
[2023-06-22T08:40:51.480+0000][7.488s] GC(5) Concurrent Cleanup for Next Mark 1.257ms
[2023-06-22T08:40:51.480+0000][7.488s] GC(5) Concurrent Mark Cycle 78.732ms
[2023-06-22T08:40:54.199+0000][10.208s] GC(6) Pause Young (Prepare Mixed) (G1 Evacuation Pause)
[2023-06-22T08:40:54.200+0000][10.208s] GC(6) Using 2 workers of 2 for evacuation
[2023-06-22T08:40:54.222+0000][10.230s] GC(6)   Pre Evacuate Collection Set: 0.3ms
[2023-06-22T08:40:54.222+0000][10.230s] GC(6)   Merge Heap Roots: 0.1ms
[2023-06-22T08:40:54.222+0000][10.230s] GC(6)   Evacuate Collection Set: 20.5ms
[2023-06-22T08:40:54.222+0000][10.230s] GC(6)   Post Evacuate Collection Set: 1.1ms
[2023-06-22T08:40:54.222+0000][10.230s] GC(6)   Other: 0.4ms
[2023-06-22T08:40:54.222+0000][10.230s] GC(6) Eden regions: 86->0(17)
[2023-06-22T08:40:54.222+0000][10.230s] GC(6) Survivor regions: 2->8(11)
[2023-06-22T08:40:54.222+0000][10.230s] GC(6) Old regions: 18->18
[2023-06-22T08:40:54.222+0000][10.230s] GC(6) Archive regions: 2->2
[2023-06-22T08:40:54.222+0000][10.230s] GC(6) Humongous regions: 4->4
[2023-06-22T08:40:54.222+0000][10.230s] GC(6) Metaspace: 34476K(34880K)->34476K(34880K) NonClass: 30207K(30400K)->30207K(30400K) Class: 4269K(4480K)->4269K(4480K)
[2023-06-22T08:40:54.222+0000][10.230s] GC(6) Pause Young (Prepare Mixed) (G1 Evacuation Pause) 110M->30M(512M) 22.492ms
[2023-06-22T08:40:54.222+0000][10.230s] GC(6) User=0.04s Sys=0.00s Real=0.02s
[2023-06-22T08:40:54.436+0000][10.444s] GC(7) Pause Young (Mixed) (Metadata GC Threshold)
[2023-06-22T08:40:54.436+0000][10.444s] GC(7) Using 2 workers of 2 for evacuation
[2023-06-22T08:40:54.450+0000][10.458s] GC(7)   Pre Evacuate Collection Set: 0.2ms
[2023-06-22T08:40:54.450+0000][10.458s] GC(7)   Merge Heap Roots: 0.1ms
[2023-06-22T08:40:54.450+0000][10.458s] GC(7)   Evacuate Collection Set: 13.0ms
[2023-06-22T08:40:54.450+0000][10.458s] GC(7)   Post Evacuate Collection Set: 0.6ms
[2023-06-22T08:40:54.450+0000][10.458s] GC(7)   Other: 0.1ms
[2023-06-22T08:40:54.450+0000][10.458s] GC(7) Eden regions: 9->0(301)
[2023-06-22T08:40:54.450+0000][10.458s] GC(7) Survivor regions: 8->1(4)
[2023-06-22T08:40:54.450+0000][10.458s] GC(7) Old regions: 18->25
[2023-06-22T08:40:54.450+0000][10.458s] GC(7) Archive regions: 2->2
[2023-06-22T08:40:54.450+0000][10.458s] GC(7) Humongous regions: 4->4
[2023-06-22T08:40:54.450+0000][10.458s] GC(7) Metaspace: 35898K(36288K)->35898K(36288K) NonClass: 31454K(31616K)->31454K(31616K) Class: 4443K(4672K)->4443K(4672K)
[2023-06-22T08:40:54.450+0000][10.458s] GC(7) Pause Young (Mixed) (Metadata GC Threshold) 38M->30M(512M) 14.046ms
[2023-06-22T08:40:54.450+0000][10.458s] GC(7) User=0.02s Sys=0.00s Real=0.01s
[2023-06-22T08:40:54.484+0000][10.493s] GC(8) Pause Young (Concurrent Start) (Metadata GC Threshold)
[2023-06-22T08:40:54.484+0000][10.493s] GC(8) Using 2 workers of 2 for evacuation
[2023-06-22T08:40:54.489+0000][10.497s] GC(8)   Pre Evacuate Collection Set: 0.2ms
[2023-06-22T08:40:54.489+0000][10.497s] GC(8)   Merge Heap Roots: 0.1ms
[2023-06-22T08:40:54.489+0000][10.497s] GC(8)   Evacuate Collection Set: 3.4ms
[2023-06-22T08:40:54.489+0000][10.497s] GC(8)   Post Evacuate Collection Set: 0.6ms
[2023-06-22T08:40:54.489+0000][10.497s] GC(8)   Other: 0.2ms
[2023-06-22T08:40:54.489+0000][10.497s] GC(8) Eden regions: 3->0(306)
[2023-06-22T08:40:54.489+0000][10.497s] GC(8) Survivor regions: 1->1(38)
[2023-06-22T08:40:54.489+0000][10.497s] GC(8) Old regions: 25->25
[2023-06-22T08:40:54.489+0000][10.497s] GC(8) Archive regions: 2->2
[2023-06-22T08:40:54.489+0000][10.497s] GC(8) Humongous regions: 4->4
[2023-06-22T08:40:54.489+0000][10.497s] GC(8) Metaspace: 36212K(36608K)->36212K(36608K) NonClass: 31728K(31936K)->31728K(31936K) Class: 4484K(4672K)->4484K(4672K)
[2023-06-22T08:40:54.489+0000][10.497s] GC(8) Pause Young (Concurrent Start) (Metadata GC Threshold) 32M->30M(512M) 4.648ms
[2023-06-22T08:40:54.489+0000][10.497s] GC(8) User=0.01s Sys=0.01s Real=0.00s
[2023-06-22T08:40:54.489+0000][10.497s] GC(9) Concurrent Mark Cycle
[2023-06-22T08:40:54.489+0000][10.498s] GC(9) Concurrent Clear Claimed Marks
[2023-06-22T08:40:54.489+0000][10.498s] GC(9) Concurrent Clear Claimed Marks 0.029ms
[2023-06-22T08:40:54.489+0000][10.498s] GC(9) Concurrent Scan Root Regions
[2023-06-22T08:40:54.490+0000][10.499s] GC(9) Concurrent Scan Root Regions 1.106ms
[2023-06-22T08:40:54.490+0000][10.499s] GC(9) Concurrent Mark
[2023-06-22T08:40:54.490+0000][10.499s] GC(9) Concurrent Mark From Roots
[2023-06-22T08:40:54.490+0000][10.499s] GC(9) Using 1 workers of 1 for marking
[2023-06-22T08:40:54.606+0000][10.614s] GC(9) Concurrent Mark From Roots 115.645ms
[2023-06-22T08:40:54.606+0000][10.614s] GC(9) Concurrent Preclean
[2023-06-22T08:40:54.606+0000][10.615s] GC(9) Concurrent Preclean 0.135ms
[2023-06-22T08:40:54.606+0000][10.615s] GC(9) Pause Remark
[2023-06-22T08:40:54.611+0000][10.619s] GC(9) Pause Remark 33M->33M(512M) 4.751ms
[2023-06-22T08:40:54.611+0000][10.620s] GC(9) User=0.01s Sys=0.00s Real=0.01s
[2023-06-22T08:40:54.611+0000][10.620s] GC(9) Concurrent Mark 120.858ms
[2023-06-22T08:40:54.611+0000][10.620s] GC(9) Concurrent Rebuild Remembered Sets
[2023-06-22T08:40:54.651+0000][10.659s] GC(9) Concurrent Rebuild Remembered Sets 39.659ms
[2023-06-22T08:40:54.651+0000][10.659s] GC(9) Pause Cleanup
[2023-06-22T08:40:54.651+0000][10.660s] GC(9) Pause Cleanup 35M->35M(512M) 0.085ms
[2023-06-22T08:40:54.651+0000][10.660s] GC(9) User=0.00s Sys=0.00s Real=0.00s
[2023-06-22T08:40:54.651+0000][10.660s] GC(9) Concurrent Cleanup for Next Mark
[2023-06-22T08:40:54.660+0000][10.669s] GC(9) Concurrent Cleanup for Next Mark 9.100ms
[2023-06-22T08:40:54.660+0000][10.669s] GC(9) Concurrent Mark Cycle 171.249ms
